../Core/Src/main.c:68:6:ADC_Select_CH0	24	static
../Core/Src/main.c:82:6:ADC_Select_CH4	24	static
../Core/Src/main.c:95:6:microDelay	16	static
../Core/Src/main.c:117:9:DHT11_Start	32	static
../Core/Src/main.c:148:9:DHT11_Read	16	static
../Core/Src/main.c:173:6:Display	40	static
../Core/Src/main.c:198:5:main	56	static
../Core/Src/main.c:288:6:SystemClock_Config	88	static
../Core/Src/main.c:334:13:MX_ADC1_Init	24	static
../Core/Src/main.c:395:13:MX_TIM2_Init	64	static
../Core/Src/main.c:454:13:MX_USART1_UART_Init	8	static
../Core/Src/main.c:487:13:MX_USART2_UART_Init	8	static
../Core/Src/main.c:520:13:MX_GPIO_Init	48	static
../Core/Src/main.c:560:6:Error_Handler	4	static
