../Core/Src/main.c:69:6:ADC_Select_CH0	24	static
../Core/Src/main.c:83:6:ADC_Select_CH4	24	static
../Core/Src/main.c:96:6:microDelay	16	static
../Core/Src/main.c:117:6:Set_Pin_Output	40	static
../Core/Src/main.c:126:6:Set_Pin_Input	40	static
../Core/Src/main.c:137:9:DHT11_Start	32	static
../Core/Src/main.c:168:9:DHT11_Read	16	static
../Core/Src/main.c:193:6:Display	40	static
../Core/Src/main.c:218:5:main	56	static
../Core/Src/main.c:308:6:SystemClock_Config	88	static
../Core/Src/main.c:354:13:MX_ADC1_Init	24	static
../Core/Src/main.c:415:13:MX_TIM2_Init	64	static
../Core/Src/main.c:474:13:MX_USART1_UART_Init	8	static
../Core/Src/main.c:507:13:MX_USART2_UART_Init	8	static
../Core/Src/main.c:540:13:MX_GPIO_Init	48	static
../Core/Src/main.c:580:6:Error_Handler	4	static
